[31mx[39m Build failed in 3.50s
[31merror during build:
[31m[vite:esbuild] Transform failed with 3 errors:
C:/DAPP/SWAP/blackbox dapp/src/ui/sections/SwapCard.jsx:1580:14: ERROR: Unexpected closing "div" tag does not match opening "GlowingCard" tag
C:/DAPP/SWAP/blackbox dapp/src/ui/sections/SwapCard.jsx:1581:14: ERROR: Unexpected closing "GlowingCard" tag does not match opening "div" tag
C:/DAPP/SWAP/blackbox dapp/src/ui/sections/SwapCard.jsx:1583:12: ERROR: Expected ")" but found "{"[31m
file: [36mC:/DAPP/SWAP/blackbox dapp/src/ui/sections/SwapCard.jsx:1580:14[31m
[33m
[33mUnexpected closing "div" tag does not match opening "GlowingCard" tag[33m
1578|                  </div>
1579|  
1580|              </div>
   |                ^
1581|              </GlowingCard>
1582|  

[33mUnexpected closing "GlowingCard" tag does not match opening "div" tag[33m
1579|  
1580|              </div>
1581|              </GlowingCard>
   |                ^
1582|  
1583|              {/* REVIEW MODAL */}

[33mExpected ")" but found "{"[33m
1581|              </GlowingCard>
1582|  
1583|              {/* REVIEW MODAL */}
   |              ^
1584|              {showReviewModal && (
1585|                  <div style={{
[31m
    at failureErrorWithLog (C:\DAPP\SWAP\blackbox dapp\node_modules\esbuild\lib\main.js:1472:15)
    at C:\DAPP\SWAP\blackbox dapp\node_modules\esbuild\lib\main.js:755:50
    at responseCallbacks.<computed> (C:\DAPP\SWAP\blackbox dapp\node_modules\esbuild\lib\main.js:622:9)
    at handleIncomingPacket (C:\DAPP\SWAP\blackbox dapp\node_modules\esbuild\lib\main.js:677:12)
    at Socket.readFromStdout (C:\DAPP\SWAP\blackbox dapp\node_modules\esbuild\lib\main.js:600:7)
    at Socket.emit (node:events:508:28)
    at addChunk (node:internal/streams/readable:559:12)
    at readableAddChunkPushByteMode (node:internal/streams/readable:510:3)
    at Readable.push (node:internal/streams/readable:390:5)
    at Pipe.onStreamRead (node:internal/stream_base_commons:189:23)[39m
